Microchip MPLAB XC8 Compiler V1.35 ()

Linker command line:

-W-3 --edf=C:\Program Files (x86)\Microchip\xc8\v1.35\dat\en_msgs.txt -cs \
  -h+dist/default/production\motion.X.production.sym \
  --cmf=dist/default/production\motion.X.production.cmf -z -Q18F4620 \
  -oC:\Users\c2026326\AppData\Local\Temp\s4rk.2 \
  -Mdist/default/production/motion.X.production.map -E1 -ver=XC8 \
  -ASTACK=0180h-0f7fh -pstack=STACK -ACODE=00h-0FFFFh -ACONST=00h-0FFFFh \
  -ASMALLCONST=01000h-010FFhx240 -AMEDIUMCONST=01000h-0FFFFh \
  -ACOMRAM=01h-07Fh -AABS1=00h-0F7Fh -ABIGRAM=01h-0F7Fh \
  -ARAM=080h-0FFh,0100h-01FFhx14,0F00h-0F7Fh -ABANK0=080h-0FFh \
  -ABANK1=0100h-01FFh -ABANK2=0200h-02FFh -ABANK3=0300h-03FFh \
  -ABANK4=0400h-04FFh -ABANK5=0500h-05FFh -ABANK6=0600h-06FFh \
  -ABANK7=0700h-07FFh -ABANK8=0800h-08FFh -ABANK9=0900h-09FFh \
  -ABANK10=0A00h-0AFFh -ABANK11=0B00h-0BFFh -ABANK12=0C00h-0CFFh \
  -ABANK13=0D00h-0DFFh -ABANK14=0E00h-0EFFh -ABANK15=0F00h-0F7Fh \
  -ASFR=0F80h-0FFFh -preset_vec=00h,intcode,intcodelo,powerup,init,end_init \
  -pramtop=01000h -psmallconst=SMALLCONST -pmediumconst=MEDIUMCONST \
  -pconst=CONST -AFARRAM=00h-00h -ACONFIG=0300000h-030000Dh -pconfig=CONFIG \
  -AIDLOC=0200000h-0200007h -pidloc=IDLOC -AEEDATA=0F00000h-0F003FFh \
  -peeprom_data=EEDATA \
  -prdata=COMRAM,nvrram=COMRAM,nvbit=COMRAM,rbss=COMRAM,rbit=COMRAM \
  -pfarbss=FARRAM,fardata=FARRAM,nvFARRAM=FARRAM \
  -pintsave_regs=BIGRAM,bigbss=BIGRAM,bigdata=BIGRAM -pbss=RAM \
  -pidata=CODE,irdata=CODE,ibigdata=CODE,ifardata=CODE -prparam=COMRAM \
  C:\Users\c2026326\AppData\Local\Temp\s4rk.obj \
  dist/default/production\motion.X.production.obj 

Object code version is 3.11

Machine type is 18F4620

Call graph: (short form)




                Name                               Link     Load   Length Selector   Space Scale
C:\Users\c2026326\AppData\Local\Temp\s4rk.obj
                end_init                              0        0        4        0       0
                idloc                            200000   200000        8   200000       0
                config                           300000   300000        E   300000       0
dist/default/production\motion.X.production.obj
                mediumconst                        FD00     FD00      300     7E80       0
                text47                             D920     D920        C     6C90       0
                text46                             D91C     D91C        4     6C8E       0
                text45                             D93A     D93A       10     6C9D       0
                text44                             DD9E     DD9E       5E     6ECF       0
                text43                             D92C     D92C        E     6C96       0
                text42                             D980     D980       16     6CC0       0
                text41                             E142     E142       9E     70A1       0
                text40                             DBBE     DBBE       42     6DDF       0
                text39                             DCE8     DCE8       5A     6E74       0
                text38                             DDFC     DDFC       60     6EFE       0
                text37                             DC00     DC00       44     6E00       0
                text36                             D996     D996       18     6CCB       0
                text35                             DC44     DC44       52     6E22       0
                text34                             DA5A     DA5A       28     6D2D       0
                text33                             E650     E650      116     7328       0
                text32                             D9CC     D9CC       20     6CE6       0
                text31                             D94A     D94A       12     6CA5       0
                text30                             DC96     DC96       52     6E4B       0
                text29                             DA82     DA82       2A     6D41       0
                text28                             DF32     DF32       7A     6F99       0
                text27                             E374     E374       F4     71BA       0
                text26                             DAAC     DAAC       2A     6D56       0
                text25                             D95C     D95C       12     6CAE       0
                text24                             DB3E     DB3E       40     6D9F       0
                text23                             D96E     D96E       12     6CB7       0
                text22                             E1E0     E1E0       AE     70F0       0
                text21                             E28E     E28E       E6     7147       0
                text20                             D9EC     D9EC       24     6CF6       0
                text19                             E0B2     E0B2       90     7059       0
                text18                             DA10     DA10       24     6D08       0
                text17                             E9C0     E9C0      1AC     74E0       0
                text16                             DB7E     DB7E       40     6DBF       0
                text15                             E468     E468       F4     7234       0
                text14                             DFAC     DFAC       82     6FD6       0
                text13                             DE5C     DE5C       66     6F2E       0
                text12                             DD42     DD42       5C     6EA1       0
                text11                             E766     E766      128     73B3       0
                text10                             E88E     E88E      132     7447       0
                text9                              E02E     E02E       84     7017       0
                text8                              DEC2     DEC2       70     6F61       0
                text7                              E55C     E55C       F4     72AE       0
                text6                              DA34     DA34       26     6D1A       0
                text5                              EB6C     EB6C      246     75B6       0
                text4                              D9AE     D9AE       1E     6CD7       0
                text3                              F128     F128      3F0     7894       0
                text2                              F518     F518      7E8     7A8C       0
                text1                              DB04     DB04       3A     6D82       0
                text0                              EDB2     EDB2      376     76D9       0
                cstackCOMRAM                          1        1       77        1       1
                bssBANK1                            100      100       80      100       1
                bssBANK0                             80       80       26       80       1
                bssCOMRAM                            78       78        8        1       1
                cinit                              DAD6     DAD6       2E     6D6B       0

TOTAL           Name                               Link     Load   Length     Space
        CLASS   STACK          

        CLASS   CODE           
                end_init                              0        0        4         0
                text47                             D920     D920        C         0
                text46                             D91C     D91C        4         0
                text45                             D93A     D93A       10         0
                text44                             DD9E     DD9E       5E         0
                text43                             D92C     D92C        E         0
                text42                             D980     D980       16         0
                text41                             E142     E142       9E         0
                text40                             DBBE     DBBE       42         0
                text39                             DCE8     DCE8       5A         0
                text38                             DDFC     DDFC       60         0
                text37                             DC00     DC00       44         0
                text36                             D996     D996       18         0
                text35                             DC44     DC44       52         0
                text34                             DA5A     DA5A       28         0
                text33                             E650     E650      116         0
                text32                             D9CC     D9CC       20         0
                text31                             D94A     D94A       12         0
                text30                             DC96     DC96       52         0
                text29                             DA82     DA82       2A         0
                text28                             DF32     DF32       7A         0
                text27                             E374     E374       F4         0
                text26                             DAAC     DAAC       2A         0
                text25                             D95C     D95C       12         0
                text24                             DB3E     DB3E       40         0
                text23                             D96E     D96E       12         0
                text22                             E1E0     E1E0       AE         0
                text21                             E28E     E28E       E6         0
                text20                             D9EC     D9EC       24         0
                text19                             E0B2     E0B2       90         0
                text18                             DA10     DA10       24         0
                text17                             E9C0     E9C0      1AC         0
                text16                             DB7E     DB7E       40         0
                text15                             E468     E468       F4         0
                text14                             DFAC     DFAC       82         0
                text13                             DE5C     DE5C       66         0
                text12                             DD42     DD42       5C         0
                text11                             E766     E766      128         0
                text10                             E88E     E88E      132         0
                text9                              E02E     E02E       84         0
                text8                              DEC2     DEC2       70         0
                text7                              E55C     E55C       F4         0
                text6                              DA34     DA34       26         0
                text5                              EB6C     EB6C      246         0
                text4                              D9AE     D9AE       1E         0
                text3                              F128     F128      3F0         0
                text2                              F518     F518      7E8         0
                text1                              DB04     DB04       3A         0
                text0                              EDB2     EDB2      376         0
                cinit                              DAD6     DAD6       2E         0

        CLASS   CONST          

        CLASS   SMALLCONST     

        CLASS   MEDIUMCONST    
                mediumconst                        FD00     FD00      300         0

        CLASS   COMRAM         
                cstackCOMRAM                          1        1       77         1
                bssCOMRAM                            78       78        8         1

        CLASS   ABS1           

        CLASS   BIGRAM         

        CLASS   RAM            

        CLASS   BANK0          
                bssBANK0                             80       80       26         1

        CLASS   BANK1          
                bssBANK1                            100      100       80         1

        CLASS   BANK2          

        CLASS   BANK3          

        CLASS   BANK4          

        CLASS   BANK5          

        CLASS   BANK6          

        CLASS   BANK7          

        CLASS   BANK8          

        CLASS   BANK9          

        CLASS   BANK10         

        CLASS   BANK11         

        CLASS   BANK12         

        CLASS   BANK13         

        CLASS   BANK14         

        CLASS   BANK15         

        CLASS   SFR            

        CLASS   FARRAM         

        CLASS   CONFIG         
                config                           300000   300000        E         0

        CLASS   IDLOC          
                idloc                            200000   200000        8         0

        CLASS   EEDATA         



SEGMENTS        Name                           Load    Length   Top    Selector   Space  Class

                reset_vec                      000000  000004  000004         0       0  CODE    
                cstackCOMRAM                   000001  00007F  000080         1       1  COMRAM  
                bssBANK0                       000080  000026  0000A6        80       1  BANK0   
                bssBANK1                       000100  000080  000180       100       1  BANK1   
                text46                         00D91C  000004  00D920      6C8E       0  CODE    
                text47                         00D920  00000C  00D92C      6C90       0  CODE    
                text43                         00D92C  00000E  00D93A      6C96       0  CODE    
                text45                         00D93A  000010  00D94A      6C9D       0  CODE    
                text31                         00D94A  000012  00D95C      6CA5       0  CODE    
                text25                         00D95C  000012  00D96E      6CAE       0  CODE    
                text23                         00D96E  000012  00D980      6CB7       0  CODE    
                text42                         00D980  000016  00D996      6CC0       0  CODE    
                text36                         00D996  000018  00D9AE      6CCB       0  CODE    
                text4                          00D9AE  00001E  00D9CC      6CD7       0  CODE    
                text32                         00D9CC  000020  00D9EC      6CE6       0  CODE    
                text20                         00D9EC  000024  00DA10      6CF6       0  CODE    
                text18                         00DA10  000024  00DA34      6D08       0  CODE    
                text6                          00DA34  000026  00DA5A      6D1A       0  CODE    
                text34                         00DA5A  000028  00DA82      6D2D       0  CODE    
                text29                         00DA82  00002A  00DAAC      6D41       0  CODE    
                text26                         00DAAC  00002A  00DAD6      6D56       0  CODE    
                cinit                          00DAD6  00002E  00DB04      6D6B       0  CODE    
                text1                          00DB04  00003A  00DB3E      6D82       0  CODE    
                text24                         00DB3E  000040  00DB7E      6D9F       0  CODE    
                text16                         00DB7E  000040  00DBBE      6DBF       0  CODE    
                text40                         00DBBE  000042  00DC00      6DDF       0  CODE    
                text37                         00DC00  000044  00DC44      6E00       0  CODE    
                text35                         00DC44  000052  00DC96      6E22       0  CODE    
                text30                         00DC96  000052  00DCE8      6E4B       0  CODE    
                text39                         00DCE8  00005A  00DD42      6E74       0  CODE    
                text12                         00DD42  00005C  00DD9E      6EA1       0  CODE    
                text44                         00DD9E  00005E  00DDFC      6ECF       0  CODE    
                text38                         00DDFC  000060  00DE5C      6EFE       0  CODE    
                text13                         00DE5C  000066  00DEC2      6F2E       0  CODE    
                text8                          00DEC2  000070  00DF32      6F61       0  CODE    
                text28                         00DF32  00007A  00DFAC      6F99       0  CODE    
                text14                         00DFAC  000082  00E02E      6FD6       0  CODE    
                text9                          00E02E  000084  00E0B2      7017       0  CODE    
                text19                         00E0B2  000090  00E142      7059       0  CODE    
                text41                         00E142  00009E  00E1E0      70A1       0  CODE    
                text22                         00E1E0  0000AE  00E28E      70F0       0  CODE    
                text21                         00E28E  0000E6  00E374      7147       0  CODE    
                text27                         00E374  0000F4  00E468      71BA       0  CODE    
                text15                         00E468  0000F4  00E55C      7234       0  CODE    
                text7                          00E55C  0000F4  00E650      72AE       0  CODE    
                text33                         00E650  000116  00E766      7328       0  CODE    
                text11                         00E766  000128  00E88E      73B3       0  CODE    
                text10                         00E88E  000132  00E9C0      7447       0  CODE    
                text17                         00E9C0  0001AC  00EB6C      74E0       0  CODE    
                text5                          00EB6C  000246  00EDB2      75B6       0  CODE    
                text0                          00EDB2  000376  00F128      76D9       0  CODE    
                text3                          00F128  0003F0  00F518      7894       0  CODE    
                text2                          00F518  0007E8  00FD00      7A8C       0  CODE    
                mediumconst                    00FD00  000300  010000      7E80       0  MEDIUMCO
                idloc                          200000  000008  200008    200000       0  IDLOC   
                config                         300000  00000E  30000E    300000       0  CONFIG  


UNUSED ADDRESS RANGES

        Name                Unused          Largest block    Delta
        BANK0            0000A6-0000FF               5A
        BANK1            000180-0001FF               80
        BANK10           000A00-000AFF              100
        BANK11           000B00-000BFF              100
        BANK12           000C00-000CFF              100
        BANK13           000D00-000DFF              100
        BANK14           000E00-000EFF              100
        BANK15           000F00-000F7F               80
        BANK2            000200-0002FF              100
        BANK3            000300-0003FF              100
        BANK4            000400-0004FF              100
        BANK5            000500-0005FF              100
        BANK6            000600-0006FF              100
        BANK7            000700-0007FF              100
        BANK8            000800-0008FF              100
        BANK9            000900-0009FF              100
        BIGRAM           0000A6-0000FF               5A
                         000180-000F7F              E00
        CODE             000004-00D91B             D918
        CONST            000004-00D91B             D918
        EEDATA           F00000-F003FF              400
        MEDIUMCONST      001000-00D91B             C91C
        RAM              0000A6-0000FF               5A
                         000180-000F7F              100
        SFR              000F80-000FFF               80
        SMALLCONST       001000-00D91B              100
        STACK            000180-000F7F              E00

                                  Symbol Table

?_ReadADC                 cstackCOMRAM 000001
?___awdiv                 cstackCOMRAM 000007
?___awmod                 cstackCOMRAM 000001
?___ftadd                 cstackCOMRAM 000033
?___ftdiv                 cstackCOMRAM 000024
?___ftmul                 cstackCOMRAM 000015
?___ftneg                 cstackCOMRAM 000001
?___ftpack                cstackCOMRAM 000001
?___ftsub                 cstackCOMRAM 00003F
?___fttol                 cstackCOMRAM 00002B
?___lldiv                 cstackCOMRAM 000001
?___llmod                 cstackCOMRAM 00000E
?___lltoft                cstackCOMRAM 000009
?___lwtoft                cstackCOMRAM 000009
?___wmul                  cstackCOMRAM 00000F
?__div_to_l_              cstackCOMRAM 000001
?__tdiv_to_l_             cstackCOMRAM 000001
?_fround                  cstackCOMRAM 000024
?_scale                   cstackCOMRAM 000024
?_sprintf                 cstackCOMRAM 000045
?_strlen                  cstackCOMRAM 000001
CalculateCRC@crc          cstackCOMRAM 000007
CalculateCRC@i            cstackCOMRAM 000006
CalculateCRC@length       cstackCOMRAM 000003
CalculateCRC@message      cstackCOMRAM 000001
Delay10TCYx@unit          cstackCOMRAM 000001
GetLongRAMAddr@address    cstackCOMRAM 000003
GetLongRAMAddr@tmpINT0IE  cstackCOMRAM 000008
GetLongRAMAddr@toReturn   cstackCOMRAM 000007
GetShortRAMAddr@address   cstackCOMRAM 000003
GetShortRAMAddr@tmpINT0IE cstackCOMRAM 000005
GetShortRAMAddr@toReturn  cstackCOMRAM 000004
MRF24J40Init@j            cstackCOMRAM 000009
OpenADC@config            cstackCOMRAM 000005
OpenADC@config2           cstackCOMRAM 000001
OpenADC@portconfig        cstackCOMRAM 000002
OpenSPI@bus_mode          cstackCOMRAM 000001
OpenSPI@smp_phase         cstackCOMRAM 000002
OpenSPI@sync_mode         cstackCOMRAM 000003
OpenTimer0@config         cstackCOMRAM 000001
OpenUSART@config          cstackCOMRAM 000003
OpenUSART@spbrg           cstackCOMRAM 000001
PHYReceive@Data           cstackCOMRAM 000009
PHYReceive@NoBytes        cstackCOMRAM 00000E
PHYReceive@Strength       cstackCOMRAM 00000B
PHYReceive@i              cstackCOMRAM 00000F
PHYTransmit@Data          cstackCOMRAM 000009
PHYTransmit@NoBytes       cstackCOMRAM 00000B
PHYTransmit@i             cstackCOMRAM 00000C
ReadSPI@TempVar           cstackCOMRAM 000001
SetChanADC@channel        cstackCOMRAM 000002
SetChannel@channel        cstackCOMRAM 000009
SetLongRAMAddr@address    cstackCOMRAM 000003
SetLongRAMAddr@tmpINT0IE  cstackCOMRAM 000008
SetLongRAMAddr@value      cstackCOMRAM 000005
SetShortRAMAddr@address   cstackCOMRAM 000004
SetShortRAMAddr@tmpINT0IE cstackCOMRAM 000005
SetShortRAMAddr@value     cstackCOMRAM 000003
USARTOut@bytes            cstackCOMRAM 000009
USARTOut@data             cstackCOMRAM 000007
USARTOut@i                cstackCOMRAM 00000D
WriteSPI@TempVar          cstackCOMRAM 000001
WriteSPI@data_out         cstackCOMRAM 000002
WriteTimer0@timer         cstackCOMRAM 000003
WriteTimer0@timer0        cstackCOMRAM 000001
WriteUSART@data           cstackCOMRAM 000001
_ADC                      text41       00E142
_ADCON0                   (abs)        000FC2
_ADCON0bits               (abs)        000FC2
_ADCON1                   (abs)        000FC1
_ADCON2                   (abs)        000FC0
_ADCresult1               bssBANK0     000086
_ADCresult2               bssBANK0     0000A4
_ADCresult3               bssBANK0     000088
_ADRESH                   (abs)        000FC4
_ADRESL                   (abs)        000FC3
_BusyADC                  text47       00D920
_CRCRight                 bssCOMRAM    00007B
_CalculateCRC             text40       00DBBE
_ConvertADC               text46       00D91C
_Delay10TCYx              text45       00D93A
_GetLongRAMAddr           text30       00DC96
_GetShortRAMAddr          text29       00DA82
_INTCON2bits              (abs)        000FF1
_INTCONbits               (abs)        000FF2
_Init_IO                  text37       00DC00
_Light                    bssBANK0     000080
_MRF24J40Init             text33       00E650
_Motion                   bssCOMRAM    000078
_OSCCONbits               (abs)        000FD3
_OpenADC                  text44       00DD9E
_OpenSPI                  text39       00DCE8
_OpenTimer0               text32       00D9CC
_OpenUSART                text38       00DDFC
_PHYReceive               text28       00DF32
_PHYTransmit              text27       00E374
_PIE1bits                 (abs)        000F9D
_PIR1bits                 (abs)        000F9E
_PORTA                    (abs)        000F80
_PORTCbits                (abs)        000F82
_RCONbits                 (abs)        000FD0
_RCSTA                    (abs)        000FAB
_RCSTAbits                (abs)        000FAB
_ReadADC                  text43       00D92C
_ReadSPI                  text31       00D94A
_RxPacket                 bssBANK0     00008A
_SPBRG                    (abs)        000FAF
_SPBRGH                   (abs)        000FB0
_SSPBUF                   (abs)        000FC9
_SSPCON1                  (abs)        000FC6
_SSPCON1bits              (abs)        000FC6
_SSPSTAT                  (abs)        000FC7
_SSPSTATbits              (abs)        000FC7
_SetChanADC               text42       00D980
_SetChannel               text26       00DAAC
_SetLongRAMAddr           text35       00DC44
_SetShortRAMAddr          text34       00DA5A
_Strength                 bssCOMRAM    00007E
_T0CON                    (abs)        000FD5
_T0CONbits                (abs)        000FD5
_TMR0H                    (abs)        000FD7
_TMR0L                    (abs)        000FD6
_TRISA                    (abs)        000F92
_TRISAbits                (abs)        000F92
_TRISB                    (abs)        000F93
_TRISCbits                (abs)        000F94
_TXREG                    (abs)        000FAD
_TXSTA                    (abs)        000FAC
_TXSTAbits                (abs)        000FAC
_Temperature              bssBANK0     000083
_Text                     bssBANK1     000100
_TxPacket                 bssBANK0     000097
_USARTOut                 text24       00DB3E
_USART_Status             bssCOMRAM    00007D
_WriteSPI                 text36       00D996
_WriteTimer0              text23       00D96E
_WriteUSART               text25       00D95C
__CFG_BOREN$SBORDIS       (abs)        000000
__CFG_BORV$3              (abs)        000000
__CFG_CCP2MX$PORTC        (abs)        000000
__CFG_CP0$OFF             (abs)        000000
__CFG_CP1$OFF             (abs)        000000
__CFG_CP2$OFF             (abs)        000000
__CFG_CP3$OFF             (abs)        000000
__CFG_CPB$OFF             (abs)        000000
__CFG_CPD$OFF             (abs)        000000
__CFG_EBTR0$OFF           (abs)        000000
__CFG_EBTR1$OFF           (abs)        000000
__CFG_EBTR2$OFF           (abs)        000000
__CFG_EBTR3$OFF           (abs)        000000
__CFG_EBTRB$OFF           (abs)        000000
__CFG_FCMEN$OFF           (abs)        000000
__CFG_IESO$OFF            (abs)        000000
__CFG_LPT1OSC$OFF         (abs)        000000
__CFG_LVP$OFF             (abs)        000000
__CFG_MCLRE$ON            (abs)        000000
__CFG_OSC$HS              (abs)        000000
__CFG_PBADEN$ON           (abs)        000000
__CFG_PWRT$OFF            (abs)        000000
__CFG_STVREN$ON           (abs)        000000
__CFG_WDT$OFF             (abs)        000000
__CFG_WDTPS$32768         (abs)        000000
__CFG_WRT0$OFF            (abs)        000000
__CFG_WRT1$OFF            (abs)        000000
__CFG_WRT2$OFF            (abs)        000000
__CFG_WRT3$OFF            (abs)        000000
__CFG_WRTB$OFF            (abs)        000000
__CFG_WRTC$OFF            (abs)        000000
__CFG_WRTD$OFF            (abs)        000000
__CFG_XINST$OFF           (abs)        000000
__HRAM                    (abs)        000000
__Habs1                   abs1         000000
__Hbank0                  bank0        000000
__Hbank1                  bank1        000000
__Hbank10                 bank10       000000
__Hbank11                 bank11       000000
__Hbank12                 bank12       000000
__Hbank13                 bank13       000000
__Hbank14                 bank14       000000
__Hbank15                 bank15       000000
__Hbank2                  bank2        000000
__Hbank3                  bank3        000000
__Hbank4                  bank4        000000
__Hbank5                  bank5        000000
__Hbank6                  bank6        000000
__Hbank7                  bank7        000000
__Hbank8                  bank8        000000
__Hbank9                  bank9        000000
__Hbigbss                 bigbss       000000
__Hbigdata                bigdata      000000
__Hbigram                 bigram       000000
__Hbss                    bss          000000
__HbssBANK0               bssBANK0     000000
__HbssBANK1               bssBANK1     000000
__HbssCOMRAM              bssCOMRAM    000000
__Hcinit                  cinit        000000
__Hclrtext                clrtext      000000
__Hcomram                 comram       000000
__Hconfig                 config       30000E
__Hconst                  const        000000
__HcstackCOMRAM           cstackCOMRAM 000000
__Hdata                   data         000000
__Heeprom_data            eeprom_data  000000
__Hend_init               end_init     000004
__Hfarbss                 farbss       000000
__Hfardata                fardata      000000
__Hibigdata               ibigdata     000000
__Hidata                  idata        000000
__Hidloc                  idloc        200008
__Hifardata               ifardata     000000
__Hinit                   init         000000
__Hintcode                intcode      000000
__Hintcode_body           intcode_body 000000
__Hintcodelo              intcodelo    000000
__Hintentry               intentry     000000
__Hintret                 intret       000000
__Hintsave_regs           intsave_regs 000000
__Hirdata                 irdata       000000
__Hmediumconst            mediumconst  010000
__HnvFARRAM               nvFARRAM     000000
__Hnvbit                  nvbit        000000
__Hnvrram                 nvrram       000000
__Hparam                  rparam       000000
__Hpowerup                powerup      000000
__Hram                    ram          000000
__Hramtop                 ramtop       001000
__Hrbit                   rbit         000000
__Hrbss                   rbss         000000
__Hrdata                  rdata        000000
__Hreset_vec              reset_vec    000000
__Hrparam                 rparam       000000
__Hsfr                    sfr          000000
__Hsmallconst             smallconst   000000
__Hspace_0                (abs)        30000E
__Hspace_1                (abs)        000180
__Hspace_2                (abs)        000000
__Hstack                  stack        000000
__Hstruct                 struct       000000
__Htemp                   temp         000000
__Htext                   text         000000
__Htext0                  text0        000000
__Htext1                  text1        000000
__Htext10                 text10       000000
__Htext11                 text11       000000
__Htext12                 text12       000000
__Htext13                 text13       000000
__Htext14                 text14       000000
__Htext15                 text15       000000
__Htext16                 text16       000000
__Htext17                 text17       000000
__Htext18                 text18       000000
__Htext19                 text19       000000
__Htext2                  text2        000000
__Htext20                 text20       000000
__Htext21                 text21       000000
__Htext22                 text22       000000
__Htext23                 text23       000000
__Htext24                 text24       000000
__Htext25                 text25       000000
__Htext26                 text26       000000
__Htext27                 text27       000000
__Htext28                 text28       000000
__Htext29                 text29       000000
__Htext3                  text3        000000
__Htext30                 text30       000000
__Htext31                 text31       000000
__Htext32                 text32       000000
__Htext33                 text33       000000
__Htext34                 text34       000000
__Htext35                 text35       000000
__Htext36                 text36       000000
__Htext37                 text37       000000
__Htext38                 text38       000000
__Htext39                 text39       000000
__Htext4                  text4        000000
__Htext40                 text40       000000
__Htext41                 text41       000000
__Htext42                 text42       000000
__Htext43                 text43       000000
__Htext44                 text44       000000
__Htext45                 text45       000000
__Htext46                 text46       000000
__Htext47                 text47       000000
__Htext5                  text5        000000
__Htext6                  text6        000000
__Htext7                  text7        000000
__Htext8                  text8        000000
__Htext9                  text9        000000
__LRAM                    (abs)        000001
__Labs1                   abs1         000000
__Lbank0                  bank0        000000
__Lbank1                  bank1        000000
__Lbank10                 bank10       000000
__Lbank11                 bank11       000000
__Lbank12                 bank12       000000
__Lbank13                 bank13       000000
__Lbank14                 bank14       000000
__Lbank15                 bank15       000000
__Lbank2                  bank2        000000
__Lbank3                  bank3        000000
__Lbank4                  bank4        000000
__Lbank5                  bank5        000000
__Lbank6                  bank6        000000
__Lbank7                  bank7        000000
__Lbank8                  bank8        000000
__Lbank9                  bank9        000000
__Lbigbss                 bigbss       000000
__Lbigdata                bigdata      000000
__Lbigram                 bigram       000000
__Lbss                    bss          000000
__LbssBANK0               bssBANK0     000000
__LbssBANK1               bssBANK1     000000
__LbssCOMRAM              bssCOMRAM    000000
__Lcinit                  cinit        000000
__Lclrtext                clrtext      000000
__Lcomram                 comram       000000
__Lconfig                 config       300000
__Lconst                  const        000000
__LcstackCOMRAM           cstackCOMRAM 000000
__Ldata                   data         000000
__Leeprom_data            eeprom_data  000000
__Lend_init               end_init     000000
__Lfarbss                 farbss       000000
__Lfardata                fardata      000000
__Libigdata               ibigdata     000000
__Lidata                  idata        000000
__Lidloc                  idloc        200000
__Lifardata               ifardata     000000
__Linit                   init         000000
__Lintcode                intcode      000000
__Lintcode_body           intcode_body 000000
__Lintcodelo              intcodelo    000000
__Lintentry               intentry     000000
__Lintret                 intret       000000
__Lintsave_regs           intsave_regs 000000
__Lirdata                 irdata       000000
__Lmediumconst            mediumconst  00FD00
__LnvFARRAM               nvFARRAM     000000
__Lnvbit                  nvbit        000000
__Lnvrram                 nvrram       000000
__Lparam                  rparam       000000
__Lpowerup                powerup      000000
__Lram                    ram          000000
__Lramtop                 ramtop       001000
__Lrbit                   rbit         000000
__Lrbss                   rbss         000000
__Lrdata                  rdata        000000
__Lreset_vec              reset_vec    000000
__Lrparam                 rparam       000000
__Lsfr                    sfr          000000
__Lsmallconst             smallconst   000000
__Lspace_0                (abs)        000000
__Lspace_1                (abs)        000000
__Lspace_2                (abs)        000000
__Lstack                  stack        000000
__Lstruct                 struct       000000
__Ltemp                   temp         000000
__Ltext                   text         000000
__Ltext0                  text0        000000
__Ltext1                  text1        000000
__Ltext10                 text10       000000
__Ltext11                 text11       000000
__Ltext12                 text12       000000
__Ltext13                 text13       000000
__Ltext14                 text14       000000
__Ltext15                 text15       000000
__Ltext16                 text16       000000
__Ltext17                 text17       000000
__Ltext18                 text18       000000
__Ltext19                 text19       000000
__Ltext2                  text2        000000
__Ltext20                 text20       000000
__Ltext21                 text21       000000
__Ltext22                 text22       000000
__Ltext23                 text23       000000
__Ltext24                 text24       000000
__Ltext25                 text25       000000
__Ltext26                 text26       000000
__Ltext27                 text27       000000
__Ltext28                 text28       000000
__Ltext29                 text29       000000
__Ltext3                  text3        000000
__Ltext30                 text30       000000
__Ltext31                 text31       000000
__Ltext32                 text32       000000
__Ltext33                 text33       000000
__Ltext34                 text34       000000
__Ltext35                 text35       000000
__Ltext36                 text36       000000
__Ltext37                 text37       000000
__Ltext38                 text38       000000
__Ltext39                 text39       000000
__Ltext4                  text4        000000
__Ltext40                 text40       000000
__Ltext41                 text41       000000
__Ltext42                 text42       000000
__Ltext43                 text43       000000
__Ltext44                 text44       000000
__Ltext45                 text45       000000
__Ltext46                 text46       000000
__Ltext47                 text47       000000
__Ltext5                  text5        000000
__Ltext6                  text6        000000
__Ltext7                  text7        000000
__Ltext8                  text8        000000
__Ltext9                  text9        000000
__S0                      (abs)        30000E
__S1                      (abs)        000180
__S2                      (abs)        000000
___awdiv                  text9        00E02E
___awdiv@counter          cstackCOMRAM 00000B
___awdiv@dividend         cstackCOMRAM 000007
___awdiv@divisor          cstackCOMRAM 000009
___awdiv@quotient         cstackCOMRAM 00000D
___awdiv@sign             cstackCOMRAM 00000C
___awmod                  text8        00DEC2
___awmod@counter          cstackCOMRAM 000005
___awmod@dividend         cstackCOMRAM 000001
___awmod@divisor          cstackCOMRAM 000003
___awmod@sign             cstackCOMRAM 000006
___ftadd                  text17       00E9C0
___ftadd@exp1             cstackCOMRAM 00003E
___ftadd@exp2             cstackCOMRAM 00003D
___ftadd@f1               cstackCOMRAM 000033
___ftadd@f2               cstackCOMRAM 000036
___ftadd@sign             cstackCOMRAM 00003C
___ftdiv                  text21       00E28E
___ftdiv@cntr             cstackCOMRAM 00002D
___ftdiv@exp              cstackCOMRAM 000031
___ftdiv@f1               cstackCOMRAM 000024
___ftdiv@f2               cstackCOMRAM 000027
___ftdiv@f3               cstackCOMRAM 00002E
___ftdiv@sign             cstackCOMRAM 000032
___ftge                   text19       00E0B2
___ftge@ff1               cstackCOMRAM 000001
___ftge@ff2               cstackCOMRAM 000004
___ftmul                  text7        00E55C
___ftmul@cntr             cstackCOMRAM 000022
___ftmul@exp              cstackCOMRAM 00001E
___ftmul@f1               cstackCOMRAM 000015
___ftmul@f2               cstackCOMRAM 000018
___ftmul@f3_as_product    cstackCOMRAM 00001F
___ftmul@sign             cstackCOMRAM 000023
___ftneg                  text18       00DA10
___ftneg@f1               cstackCOMRAM 000001
___ftpack                 text22       00E1E0
___ftpack@arg             cstackCOMRAM 000001
___ftpack@exp             cstackCOMRAM 000004
___ftpack@sign            cstackCOMRAM 000005
___ftsub                  text16       00DB7E
___ftsub@f1               cstackCOMRAM 00003F
___ftsub@f2               cstackCOMRAM 000042
___fttol                  text15       00E468
___fttol@exp1             cstackCOMRAM 000039
___fttol@f1               cstackCOMRAM 00002B
___fttol@lval             cstackCOMRAM 000035
___fttol@sign1            cstackCOMRAM 000034
___inthi_sp               stack        000000
___intlo_sp               stack        000000
___lldiv                  text14       00DFAC
___lldiv@counter          cstackCOMRAM 00000D
___lldiv@dividend         cstackCOMRAM 000001
___lldiv@divisor          cstackCOMRAM 000005
___lldiv@quotient         cstackCOMRAM 000009
___llmod                  text13       00DE5C
___llmod@counter          cstackCOMRAM 000016
___llmod@dividend         cstackCOMRAM 00000E
___llmod@divisor          cstackCOMRAM 000012
___lltoft                 text12       00DD42
___lltoft@c               cstackCOMRAM 000009
___lltoft@exp             cstackCOMRAM 000011
___lwtoft                 text20       00D9EC
___lwtoft@c               cstackCOMRAM 000009
___param_bank             (abs)        000010
___rparam_used            (abs)        000001
___sp                     stack        000000
___wmul                   text6        00DA34
___wmul@multiplicand      cstackCOMRAM 000011
___wmul@multiplier        cstackCOMRAM 00000F
___wmul@product           cstackCOMRAM 000013
__accesstop               (abs)        000080
__activetblptr            (abs)        000002
__div_to_l_               text11       00E766
__div_to_l_@cntr          cstackCOMRAM 00000B
__div_to_l_@exp1          cstackCOMRAM 00000C
__div_to_l_@f1            cstackCOMRAM 000001
__div_to_l_@f2            cstackCOMRAM 000004
__div_to_l_@quot          cstackCOMRAM 000007
__end_of_ADC              text41       00E1E0
__end_of_BusyADC          text47       00D92C
__end_of_CalculateCRC     text40       00DC00
__end_of_ConvertADC       text46       00D920
__end_of_Delay10TCYx      text45       00D94A
__end_of_GetLongRAMAddr   text30       00DCE8
__end_of_GetShortRAMAddr  text29       00DAAC
__end_of_Init_IO          text37       00DC44
__end_of_MRF24J40Init     text33       00E766
__end_of_OpenADC          text44       00DDFC
__end_of_OpenSPI          text39       00DD42
__end_of_OpenTimer0       text32       00D9EC
__end_of_OpenUSART        text38       00DE5C
__end_of_PHYReceive       text28       00DFAC
__end_of_PHYTransmit      text27       00E468
__end_of_ReadADC          text43       00D93A
__end_of_ReadSPI          text31       00D95C
__end_of_SetChanADC       text42       00D996
__end_of_SetChannel       text26       00DAD6
__end_of_SetLongRAMAddr   text35       00DC96
__end_of_SetShortRAMAddr  text34       00DA82
__end_of_USARTOut         text24       00DB7E
__end_of_WriteSPI         text36       00D9AE
__end_of_WriteTimer0      text23       00D980
__end_of_WriteUSART       text25       00D96E
__end_of___awdiv          text9        00E0B2
__end_of___awmod          text8        00DF32
__end_of___ftadd          text17       00EB6C
__end_of___ftdiv          text21       00E374
__end_of___ftge           text19       00E142
__end_of___ftmul          text7        00E650
__end_of___ftneg          text18       00DA34
__end_of___ftpack         text22       00E28E
__end_of___ftsub          text16       00DBBE
__end_of___fttol          text15       00E55C
__end_of___lldiv          text14       00E02E
__end_of___llmod          text13       00DEC2
__end_of___lltoft         text12       00DD9E
__end_of___lwtoft         text20       00DA10
__end_of___wmul           text6        00DA5A
__end_of__div_to_l_       text11       00E88E
__end_of__initialization  cinit        00DAFA
__end_of__npowers_        mediumconst  00FE50
__end_of__powers_         mediumconst  00FE77
__end_of__tdiv_to_l_      text10       00E9C0
__end_of_code_Table       mediumconst  00FE01
__end_of_dpowers          mediumconst  00FE29
__end_of_fround           text5        00EDB2
__end_of_isdigit          text4        00D9CC
__end_of_main             text0        00F128
__end_of_scale            text3        00F518
__end_of_sprintf          text2        00FD00
__end_of_strlen           text1        00DB3E
__initialization          cinit        00DAD6
__mediumconst             mediumconst  00FD00
__npowers_                mediumconst  00FE29
__pbssBANK0               bssBANK0     000080
__pbssBANK1               bssBANK1     000100
__pbssCOMRAM              bssCOMRAM    000078
__pcinit                  cinit        00DAD6
__pcstackCOMRAM           cstackCOMRAM 000001
__pmediumconst            mediumconst  00FD00
__powers_                 mediumconst  00FE50
__ptext0                  text0        00EDB2
__ptext1                  text1        00DB04
__ptext10                 text10       00E88E
__ptext11                 text11       00E766
__ptext12                 text12       00DD42
__ptext13                 text13       00DE5C
__ptext14                 text14       00DFAC
__ptext15                 text15       00E468
__ptext16                 text16       00DB7E
__ptext17                 text17       00E9C0
__ptext18                 text18       00DA10
__ptext19                 text19       00E0B2
__ptext2                  text2        00F518
__ptext20                 text20       00D9EC
__ptext21                 text21       00E28E
__ptext22                 text22       00E1E0
__ptext23                 text23       00D96E
__ptext24                 text24       00DB3E
__ptext25                 text25       00D95C
__ptext26                 text26       00DAAC
__ptext27                 text27       00E374
__ptext28                 text28       00DF32
__ptext29                 text29       00DA82
__ptext3                  text3        00F128
__ptext30                 text30       00DC96
__ptext31                 text31       00D94A
__ptext32                 text32       00D9CC
__ptext33                 text33       00E650
__ptext34                 text34       00DA5A
__ptext35                 text35       00DC44
__ptext36                 text36       00D996
__ptext37                 text37       00DC00
__ptext38                 text38       00DDFC
__ptext39                 text39       00DCE8
__ptext4                  text4        00D9AE
__ptext40                 text40       00DBBE
__ptext41                 text41       00E142
__ptext42                 text42       00D980
__ptext43                 text43       00D92C
__ptext44                 text44       00DD9E
__ptext45                 text45       00D93A
__ptext46                 text46       00D91C
__ptext47                 text47       00D920
__ptext5                  text5        00EB6C
__ptext6                  text6        00DA34
__ptext7                  text7        00E55C
__ptext8                  text8        00DEC2
__ptext9                  text9        00E02E
__ramtop                  ramtop       001000
__size_of_ADC             (abs)        000000
__size_of_BusyADC         (abs)        000000
__size_of_CalculateCRC    (abs)        000000
__size_of_ConvertADC      (abs)        000000
__size_of_Delay10TCYx     (abs)        000000
__size_of_GetLongRAMAddr  (abs)        000000
__size_of_GetShortRAMAddr (abs)        000000
__size_of_Init_IO         (abs)        000000
__size_of_MRF24J40Init    (abs)        000000
__size_of_OpenADC         (abs)        000000
__size_of_OpenSPI         (abs)        000000
__size_of_OpenTimer0      (abs)        000000
__size_of_OpenUSART       (abs)        000000
__size_of_PHYReceive      (abs)        000000
__size_of_PHYTransmit     (abs)        000000
__size_of_ReadADC         (abs)        000000
__size_of_ReadSPI         (abs)        000000
__size_of_SetChanADC      (abs)        000000
__size_of_SetChannel      (abs)        000000
__size_of_SetLongRAMAddr  (abs)        000000
__size_of_SetShortRAMAddr (abs)        000000
__size_of_USARTOut        (abs)        000000
__size_of_WriteSPI        (abs)        000000
__size_of_WriteTimer0     (abs)        000000
__size_of_WriteUSART      (abs)        000000
__size_of___awdiv         (abs)        000000
__size_of___awmod         (abs)        000000
__size_of___ftadd         (abs)        000000
__size_of___ftdiv         (abs)        000000
__size_of___ftge          (abs)        000000
__size_of___ftmul         (abs)        000000
__size_of___ftneg         (abs)        000000
__size_of___ftpack        (abs)        000000
__size_of___ftsub         (abs)        000000
__size_of___fttol         (abs)        000000
__size_of___lldiv         (abs)        000000
__size_of___llmod         (abs)        000000
__size_of___lltoft        (abs)        000000
__size_of___lwtoft        (abs)        000000
__size_of___wmul          (abs)        000000
__size_of__div_to_l_      (abs)        000000
__size_of__tdiv_to_l_     (abs)        000000
__size_of_fround          (abs)        000000
__size_of_isdigit         (abs)        000000
__size_of_main            (abs)        000000
__size_of_scale           (abs)        000000
__size_of_sprintf         (abs)        000000
__size_of_strlen          (abs)        000000
__smallconst              smallconst   000000
__tdiv_to_l_              text10       00E88E
__tdiv_to_l_@cntr         cstackCOMRAM 00000E
__tdiv_to_l_@exp1         cstackCOMRAM 00000F
__tdiv_to_l_@f1           cstackCOMRAM 000001
__tdiv_to_l_@f2           cstackCOMRAM 000004
__tdiv_to_l_@quot         cstackCOMRAM 00000A
_code_Table               mediumconst  00FD01
_dpowers                  mediumconst  00FE01
_fround                   text5        00EB6C
_fround$2337              cstackCOMRAM 00002A
_fround$2338              cstackCOMRAM 000027
_isdigit                  text4        00D9AE
_isdigit$1980             cstackCOMRAM 000002
_main                     text0        00EDB2
_scale                    text3        00F128
_scale$2339               cstackCOMRAM 000027
_sprintf                  text2        00F518
_sprintf$2340             cstackCOMRAM 000060
_strlen                   text1        00DB04
end_of_initialization     cinit        00DAFA
fround@prec               cstackCOMRAM 00002D
intlevel0                 text         000000
intlevel1                 text         000000
intlevel2                 text         000000
intlevel3                 text         000000
isdigit@c                 cstackCOMRAM 000003
scale@scl                 cstackCOMRAM 00002A
sprintf@ap                cstackCOMRAM 000063
sprintf@c                 cstackCOMRAM 000076
sprintf@exp               cstackCOMRAM 00006B
sprintf@f                 cstackCOMRAM 000047
sprintf@flag              cstackCOMRAM 000065
sprintf@fval              cstackCOMRAM 000073
sprintf@prec              cstackCOMRAM 000071
sprintf@sp                cstackCOMRAM 000045
sprintf@tmpval            cstackCOMRAM 00006D
sprintf@val               cstackCOMRAM 000067
stackhi                   (abs)        000F7F
stacklo                   (abs)        000180
start                     init         000000
start_initialization      cinit        00DAD6
strlen@cp                 cstackCOMRAM 000005
strlen@s                  cstackCOMRAM 000001


FUNCTION INFORMATION:

 *************** function _main *****************
 Defined at:
		line 178 in file "motion.c"
 Parameters:    Size  Location     Type
		None
 Auto vars:     Size  Location     Type
		None
 Return value:  Size  Location     Type
		None               void
 Registers used:
		wreg, fsr2l, fsr2h, status,2, status,0, tblptrl, tblptrh, tblptru, prodl, prodh, cstack
 Tracked objects:
		On entry : 
		On exit  : 
		Unchanged: 
 Data sizes:     COMRAM   BANK0   BANK1   BANK2   BANK3   BANK4   BANK5   BANK6   BANK7   BANK8   BANK9  BANK10  BANK11  BANK12  BANK13  BANK14  BANK15
      Params:         0       0       0       0       0       0       0       0       0       0       0       0       0       0       0       0       0
      Locals:         0       0       0       0       0       0       0       0       0       0       0       0       0       0       0       0       0
      Temps:          1       0       0       0       0       0       0       0       0       0       0       0       0       0       0       0       0
      Totals:         1       0       0       0       0       0       0       0       0       0       0       0       0       0       0       0       0
Total ram usage:        1 bytes
 Hardware stack levels required when called:    4
 This function calls:
		_ADC
		_CalculateCRC
		_Init_IO
		_MRF24J40Init
		_OpenTimer0
		_PHYReceive
		_PHYTransmit
		_SetChannel
		_USARTOut
		_WriteTimer0
		___ftadd
		___ftdiv
		___ftmul
		___lwtoft
		_sprintf
		_strlen
 This function is called by:
		Startup code after reset
 This function uses a non-reentrant model


 *************** function _strlen *****************
 Defined at:
		line 4 in file "C:\Program Files (x86)\Microchip\xc8\v1.35\sources\common\strlen.c"
 Parameters:    Size  Location     Type
  s               2    0[COMRAM] PTR const unsigned char 
		 -> Text(128), 
 Auto vars:     Size  Location     Type
  cp              2    4[COMRAM] PTR const unsigned char 
		 -> Text(128), 
 Return value:  Size  Location     Type
                  2    0[COMRAM] unsigned int 
 Registers used:
		wreg, fsr2l, fsr2h, status,2, status,0
 Tracked objects:
		On entry : 
		On exit  : 
		Unchanged: 
 Data sizes:     COMRAM   BANK0   BANK1   BANK2   BANK3   BANK4   BANK5   BANK6   BANK7   BANK8   BANK9  BANK10  BANK11  BANK12  BANK13  BANK14  BANK15
      Params:         2       0       0       0       0       0       0       0       0       0       0       0       0       0       0       0       0
      Locals:         2       0       0       0       0       0       0       0       0       0       0       0       0       0       0       0       0
      Temps:          2       0       0       0       0       0       0       0       0       0       0       0       0       0       0       0       0
      Totals:         6       0       0       0       0       0       0       0       0       0       0       0       0       0       0       0       0
Total ram usage:        6 bytes
 Hardware stack levels used:    1
 This function calls:
		Nothing
 This function is called by:
		_main
 This function uses a non-reentrant model


 *************** function _sprintf *****************
 Defined at:
		line 492 in file "C:\Program Files (x86)\Microchip\xc8\v1.35\sources\common\doprnt.c"
 Parameters:    Size  Location     Type
  sp              2   68[COMRAM] PTR unsigned char 
		 -> Text(128), 
  f               2   70[COMRAM] PTR const unsigned char 
		 -> STR_4(93), STR_3(88), STR_2(108), STR_1(102), 
 Auto vars:     Size  Location     Type
  tmpval          4  108[COMRAM] struct .
  val             4  102[COMRAM] unsigned long 
  fval            3  114[COMRAM] unsigned long 
  cp              3    0        PTR const unsigned char 
  prec            2  112[COMRAM] int 
  exp             2  106[COMRAM] int 
  flag            2  100[COMRAM] unsigned short 
  ap              2   98[COMRAM] PTR void [1]
		 -> ?_sprintf(2), 
  len             2    0        unsigned int 
  width           2    0        int 
  c               1  117[COMRAM] char 
  d               1    0        unsigned char 
 Return value:  Size  Location     Type
                  2   68[COMRAM] int 
 Registers used:
		wreg, fsr2l, fsr2h, status,2, status,0, tblptrl, tblptrh, tblptru, prodl, prodh, cstack
 Tracked objects:
		On entry : 
		On exit  : 
		Unchanged: 
 Data sizes:     COMRAM   BANK0   BANK1   BANK2   BANK3   BANK4   BANK5   BANK6   BANK7   BANK8   BANK9  BANK10  BANK11  BANK12  BANK13  BANK14  BANK15
      Params:        21       0       0       0       0       0       0       0       0       0       0       0       0       0       0       0       0
      Locals:        23       0       0       0       0       0       0       0       0       0       0       0       0       0       0       0       0
      Temps:          6       0       0       0       0       0       0       0       0       0       0       0       0       0       0       0       0
      Totals:        50       0       0       0       0       0       0       0       0       0       0       0       0       0       0       0       0
Total ram usage:       50 bytes
 Hardware stack levels used:    1
 Hardware stack levels required when called:    3
 This function calls:
		___awdiv
		___ftadd
		___ftge
		___ftmul
		___ftneg
		___ftsub
		___fttol
		___lldiv
		___llmod
		___lltoft
		___wmul
		__div_to_l_
		__tdiv_to_l_
		_fround
		_isdigit
		_scale
 This function is called by:
		_main
 This function uses a non-reentrant model


 *************** function _scale *****************
 Defined at:
		line 425 in file "C:\Program Files (x86)\Microchip\xc8\v1.35\sources\common\doprnt.c"
 Parameters:    Size  Location     Type
  scl             1    wreg     char 
 Auto vars:     Size  Location     Type
  scl             1   41[COMRAM] char 
 Return value:  Size  Location     Type
                  3   35[COMRAM] char 
 Registers used:
		wreg, status,2, status,0, tblptrl, tblptrh, tblptru, prodl, prodh, cstack
 Tracked objects:
		On entry : 
		On exit  : 
		Unchanged: 
 Data sizes:     COMRAM   BANK0   BANK1   BANK2   BANK3   BANK4   BANK5   BANK6   BANK7   BANK8   BANK9  BANK10  BANK11  BANK12  BANK13  BANK14  BANK15
      Params:         3       0       0       0       0       0       0       0       0       0       0       0       0       0       0       0       0
      Locals:         4       0       0       0       0       0       0       0       0       0       0       0       0       0       0       0       0
      Temps:          0       0       0       0       0       0       0       0       0       0       0       0       0       0       0       0       0
      Totals:         7       0       0       0       0       0       0       0       0       0       0       0       0       0       0       0       0
Total ram usage:        7 bytes
 Hardware stack levels used:    1
 Hardware stack levels required when called:    2
 This function calls:
		___awdiv
		___awmod
		___ftmul
		___wmul
 This function is called by:
		_sprintf
 This function uses a non-reentrant model


 *************** function _isdigit *****************
 Defined at:
		line 8 in file "C:\Program Files (x86)\Microchip\xc8\v1.35\sources\common\isdigit.c"
 Parameters:    Size  Location     Type
  c               1    wreg     unsigned char 
 Auto vars:     Size  Location     Type
  c               1    2[COMRAM] unsigned char 
 Return value:  Size  Location     Type
		None               void
 Registers used:
		wreg, status,2, status,0
 Tracked objects:
		On entry : 
		On exit  : 
		Unchanged: 
 Data sizes:     COMRAM   BANK0   BANK1   BANK2   BANK3   BANK4   BANK5   BANK6   BANK7   BANK8   BANK9  BANK10  BANK11  BANK12  BANK13  BANK14  BANK15
      Params:         0       0       0       0       0       0       0       0       0       0       0       0       0       0       0       0       0
      Locals:         2       0       0       0       0       0       0       0       0       0       0       0       0       0       0       0       0
      Temps:          1       0       0       0       0       0       0       0       0       0       0       0       0       0       0       0       0
      Totals:         3       0       0       0       0       0       0       0       0       0       0       0       0       0       0       0       0
Total ram usage:        3 bytes
 Hardware stack levels used:    1
 This function calls:
		Nothing
 This function is called by:
		_sprintf
 This function uses a non-reentrant model


 *************** function _fround *****************
 Defined at:
		line 409 in file "C:\Program Files (x86)\Microchip\xc8\v1.35\sources\common\doprnt.c"
 Parameters:    Size  Location     Type
  prec            1    wreg     unsigned char 
 Auto vars:     Size  Location     Type
  prec            1   44[COMRAM] unsigned char 
 Return value:  Size  Location     Type
                  3   35[COMRAM] unsigned char 
 Registers used:
		wreg, status,2, status,0, tblptrl, tblptrh, tblptru, prodl, prodh, cstack
 Tracked objects:
		On entry : 
		On exit  : 
		Unchanged: 
 Data sizes:     COMRAM   BANK0   BANK1   BANK2   BANK3   BANK4   BANK5   BANK6   BANK7   BANK8   BANK9  BANK10  BANK11  BANK12  BANK13  BANK14  BANK15
      Params:         3       0       0       0       0       0       0       0       0       0       0       0       0       0       0       0       0
      Locals:         7       0       0       0       0       0       0       0       0       0       0       0       0       0       0       0       0
      Temps:          0       0       0       0       0       0       0       0       0       0       0       0       0       0       0       0       0
      Totals:        10       0       0       0       0       0       0       0       0       0       0       0       0       0       0       0       0
Total ram usage:       10 bytes
 Hardware stack levels used:    1
 Hardware stack levels required when called:    2
 This function calls:
		___awdiv
		___awmod
		___ftmul
		___wmul
 This function is called by:
		_sprintf
 This function uses a non-reentrant model


 *************** function ___wmul *****************
 Defined at:
		line 15 in file "C:\Program Files (x86)\Microchip\xc8\v1.35\sources\common\Umul16.c"
 Parameters:    Size  Location     Type
  multiplier      2   14[COMRAM] unsigned int 
  multiplicand    2   16[COMRAM] unsigned int 
 Auto vars:     Size  Location     Type
  product         2   18[COMRAM] unsigned int 
 Return value:  Size  Location     Type
                  2   14[COMRAM] unsigned int 
 Registers used:
		wreg, status,2, status,0, prodl, prodh
 Tracked objects:
		On entry : 
		On exit  : 
		Unchanged: 
 Data sizes:     COMRAM   BANK0   BANK1   BANK2   BANK3   BANK4   BANK5   BANK6   BANK7   BANK8   BANK9  BANK10  BANK11  BANK12  BANK13  BANK14  BANK15
      Params:         4       0       0       0       0       0       0       0       0       0       0       0       0       0       0       0       0
      Locals:         2       0       0       0       0       0       0       0       0       0       0       0       0       0       0       0       0
      Temps:          0       0       0       0       0       0       0       0       0       0       0       0       0       0       0       0       0
      Totals:         6       0       0       0       0       0       0       0       0       0       0       0       0       0       0       0       0
Total ram usage:        6 bytes
 Hardware stack levels used:    1
 This function calls:
		Nothing
 This function is called by:
		_fround
		_scale
		_sprintf
 This function uses a non-reentrant model


 *************** function ___ftmul *****************
 Defined at:
		line 62 in file "C:\Program Files (x86)\Microchip\xc8\v1.35\sources\common\ftmul.c"
 Parameters:    Size  Location     Type
  f1              3   20[COMRAM] float 
  f2              3   23[COMRAM] float 
 Auto vars:     Size  Location     Type
  f3_as_produc    3   30[COMRAM] unsigned um
  sign            1   34[COMRAM] unsigned char 
  cntr            1   33[COMRAM] unsigned char 
  exp             1   29[COMRAM] unsigned char 
 Return value:  Size  Location     Type
                  3   20[COMRAM] float 
 Registers used:
		wreg, status,2, status,0, cstack
 Tracked objects:
		On entry : 
		On exit  : 
		Unchanged: 
 Data sizes:     COMRAM   BANK0   BANK1   BANK2   BANK3   BANK4   BANK5   BANK6   BANK7   BANK8   BANK9  BANK10  BANK11  BANK12  BANK13  BANK14  BANK15
      Params:         6       0       0       0       0       0       0       0       0       0       0       0       0       0       0       0       0
      Locals:         6       0       0       0       0       0       0       0       0       0       0       0       0       0       0       0       0
      Temps:          3       0       0       0       0       0       0       0       0       0       0       0       0       0       0       0       0
      Totals:        15       0       0       0       0       0       0       0       0       0       0       0       0       0       0       0       0
Total ram usage:       15 bytes
 Hardware stack levels used:    1
 Hardware stack levels required when called:    1
 This function calls:
		___ftpack
 This function is called by:
		_main
		_fround
		_scale
		_sprintf
 This function uses a non-reentrant model


 *************** function ___awmod *****************
 Defined at:
		line 8 in file "C:\Program Files (x86)\Microchip\xc8\v1.35\sources\common\awmod.c"
 Parameters:    Size  Location     Type
  dividend        2    0[COMRAM] int 
  divisor         2    2[COMRAM] int 
 Auto vars:     Size  Location     Type
  sign            1    5[COMRAM] unsigned char 
  counter         1    4[COMRAM] unsigned char 
 Return value:  Size  Location     Type
                  2    0[COMRAM] int 
 Registers used:
		wreg, status,2, status,0
 Tracked objects:
		On entry : 
		On exit  : 
		Unchanged: 
 Data sizes:     COMRAM   BANK0   BANK1   BANK2   BANK3   BANK4   BANK5   BANK6   BANK7   BANK8   BANK9  BANK10  BANK11  BANK12  BANK13  BANK14  BANK15
      Params:         4       0       0       0       0       0       0       0       0       0       0       0       0       0       0       0       0
      Locals:         2       0       0       0       0       0       0       0       0       0       0       0       0       0       0       0       0
      Temps:          0       0       0       0       0       0       0       0       0       0       0       0       0       0       0       0       0
      Totals:         6       0       0       0       0       0       0       0       0       0       0       0       0       0       0       0       0
Total ram usage:        6 bytes
 Hardware stack levels used:    1
 This function calls:
		Nothing
 This function is called by:
		_fround
		_scale
 This function uses a non-reentrant model


 *************** function ___awdiv *****************
 Defined at:
		line 8 in file "C:\Program Files (x86)\Microchip\xc8\v1.35\sources\common\awdiv.c"
 Parameters:    Size  Location     Type
  dividend        2    6[COMRAM] int 
  divisor         2    8[COMRAM] int 
 Auto vars:     Size  Location     Type
  quotient        2   12[COMRAM] int 
  sign            1   11[COMRAM] unsigned char 
  counter         1   10[COMRAM] unsigned char 
 Return value:  Size  Location     Type
                  2    6[COMRAM] int 
 Registers used:
		wreg, status,2, status,0
 Tracked objects:
		On entry : 
		On exit  : 
		Unchanged: 
 Data sizes:     COMRAM   BANK0   BANK1   BANK2   BANK3   BANK4   BANK5   BANK6   BANK7   BANK8   BANK9  BANK10  BANK11  BANK12  BANK13  BANK14  BANK15
      Params:         4       0       0       0       0       0       0       0       0       0       0       0       0       0       0       0       0
      Locals:         4       0       0       0       0       0       0       0       0       0       0       0       0       0       0       0       0
      Temps:          0       0       0       0       0       0       0       0       0       0       0       0       0       0       0       0       0
      Totals:         8       0       0       0       0       0       0       0       0       0       0       0       0       0       0       0       0
Total ram usage:        8 bytes
 Hardware stack levels used:    1
 This function calls:
		Nothing
 This function is called by:
		_fround
		_scale
		_sprintf
 This function uses a non-reentrant model


 *************** function __tdiv_to_l_ *****************
 Defined at:
		line 60 in file "C:\Program Files (x86)\Microchip\xc8\v1.35\sources\common\ftdivl.c"
 Parameters:    Size  Location     Type
  f1              3    0[COMRAM] float 
  f2              3    3[COMRAM] float 
 Auto vars:     Size  Location     Type
  quot            4    9[COMRAM] unsigned long 
  exp1            1   14[COMRAM] unsigned char 
  cntr            1   13[COMRAM] unsigned char 
 Return value:  Size  Location     Type
                  4    0[COMRAM] unsigned long 
 Registers used:
		wreg, status,2, status,0
 Tracked objects:
		On entry : 
		On exit  : 
		Unchanged: 
 Data sizes:     COMRAM   BANK0   BANK1   BANK2   BANK3   BANK4   BANK5   BANK6   BANK7   BANK8   BANK9  BANK10  BANK11  BANK12  BANK13  BANK14  BANK15
      Params:         6       0       0       0       0       0       0       0       0       0       0       0       0       0       0       0       0
      Locals:         6       0       0       0       0       0       0       0       0       0       0       0       0       0       0       0       0
      Temps:          3       0       0       0       0       0       0       0       0       0       0       0       0       0       0       0       0
      Totals:        15       0       0       0       0       0       0       0       0       0       0       0       0       0       0       0       0
Total ram usage:       15 bytes
 Hardware stack levels used:    1
 This function calls:
		Nothing
 This function is called by:
		_sprintf
 This function uses a non-reentrant model


 *************** function __div_to_l_ *****************
 Defined at:
		line 60 in file "C:\Program Files (x86)\Microchip\xc8\v1.35\sources\common\fldivl.c"
 Parameters:    Size  Location     Type
  f1              3    0[COMRAM] unsigned long 
  f2              3    3[COMRAM] unsigned long 
 Auto vars:     Size  Location     Type
  quot            4    6[COMRAM] unsigned long 
  exp1            1   11[COMRAM] unsigned char 
  cntr            1   10[COMRAM] unsigned char 
 Return value:  Size  Location     Type
                  4    0[COMRAM] unsigned long 
 Registers used:
		wreg, status,2, status,0
 Tracked objects:
		On entry : 
		On exit  : 
		Unchanged: 
 Data sizes:     COMRAM   BANK0   BANK1   BANK2   BANK3   BANK4   BANK5   BANK6   BANK7   BANK8   BANK9  BANK10  BANK11  BANK12  BANK13  BANK14  BANK15
      Params:         6       0       0       0       0       0       0       0       0       0       0       0       0       0       0       0       0
      Locals:         6       0       0       0       0       0       0       0       0       0       0       0       0       0       0       0       0
      Temps:          0       0       0       0       0       0       0       0       0       0       0       0       0       0       0       0       0
      Totals:        12       0       0       0       0       0       0       0       0       0       0       0       0       0       0       0       0
Total ram usage:       12 bytes
 Hardware stack levels used:    1
 This function calls:
		Nothing
 This function is called by:
		_sprintf
 This function uses a non-reentrant model


 *************** function ___lltoft *****************
 Defined at:
		line 35 in file "C:\Program Files (x86)\Microchip\xc8\v1.35\sources\common\lltoft.c"
 Parameters:    Size  Location     Type
  c               4    8[COMRAM] unsigned long 
 Auto vars:     Size  Location     Type
  exp             1   16[COMRAM] unsigned char 
 Return value:  Size  Location     Type
                  3    8[COMRAM] float 
 Registers used:
		wreg, status,2, status,0, cstack
 Tracked objects:
		On entry : 
		On exit  : 
		Unchanged: 
 Data sizes:     COMRAM   BANK0   BANK1   BANK2   BANK3   BANK4   BANK5   BANK6   BANK7   BANK8   BANK9  BANK10  BANK11  BANK12  BANK13  BANK14  BANK15
      Params:         4       0       0       0       0       0       0       0       0       0       0       0       0       0       0       0       0
      Locals:         1       0       0       0       0       0       0       0       0       0       0       0       0       0       0       0       0
      Temps:          4       0       0       0       0       0       0       0       0       0       0       0       0       0       0       0       0
      Totals:         9       0       0       0       0       0       0       0       0       0       0       0       0       0       0       0       0
Total ram usage:        9 bytes
 Hardware stack levels used:    1
 Hardware stack levels required when called:    1
 This function calls:
		___ftpack
 This function is called by:
		_sprintf
 This function uses a non-reentrant model


 *************** function ___llmod *****************
 Defined at:
		line 8 in file "C:\Program Files (x86)\Microchip\xc8\v1.35\sources\common\llmod.c"
 Parameters:    Size  Location     Type
  dividend        4   13[COMRAM] unsigned long 
  divisor         4   17[COMRAM] unsigned long 
 Auto vars:     Size  Location     Type
  counter         1   21[COMRAM] unsigned char 
 Return value:  Size  Location     Type
                  4   13[COMRAM] unsigned long 
 Registers used:
		wreg, status,2, status,0
 Tracked objects:
		On entry : 
		On exit  : 
		Unchanged: 
 Data sizes:     COMRAM   BANK0   BANK1   BANK2   BANK3   BANK4   BANK5   BANK6   BANK7   BANK8   BANK9  BANK10  BANK11  BANK12  BANK13  BANK14  BANK15
      Params:         8       0       0       0       0       0       0       0       0       0       0       0       0       0       0       0       0
      Locals:         1       0       0       0       0       0       0       0       0       0       0       0       0       0       0       0       0
      Temps:          0       0       0       0       0       0       0       0       0       0       0       0       0       0       0       0       0
      Totals:         9       0       0       0       0       0       0       0       0       0       0       0       0       0       0       0       0
Total ram usage:        9 bytes
 Hardware stack levels used:    1
 This function calls:
		Nothing
 This function is called by:
		_sprintf
 This function uses a non-reentrant model


 *************** function ___lldiv *****************
 Defined at:
		line 8 in file "C:\Program Files (x86)\Microchip\xc8\v1.35\sources\common\lldiv.c"
 Parameters:    Size  Location     Type
  dividend        4    0[COMRAM] unsigned long 
  divisor         4    4[COMRAM] unsigned long 
 Auto vars:     Size  Location     Type
  quotient        4    8[COMRAM] unsigned long 
  counter         1   12[COMRAM] unsigned char 
 Return value:  Size  Location     Type
                  4    0[COMRAM] unsigned long 
 Registers used:
		wreg, status,2, status,0
 Tracked objects:
		On entry : 
		On exit  : 
		Unchanged: 
 Data sizes:     COMRAM   BANK0   BANK1   BANK2   BANK3   BANK4   BANK5   BANK6   BANK7   BANK8   BANK9  BANK10  BANK11  BANK12  BANK13  BANK14  BANK15
      Params:         8       0       0       0       0       0       0       0       0       0       0       0       0       0       0       0       0
      Locals:         5       0       0       0       0       0       0       0       0       0       0       0       0       0       0       0       0
      Temps:          0       0       0       0       0       0       0       0       0       0       0       0       0       0       0       0       0
      Totals:        13       0       0       0       0       0       0       0       0       0       0       0       0       0       0       0       0
Total ram usage:       13 bytes
 Hardware stack levels used:    1
 This function calls:
		Nothing
 This function is called by:
		_sprintf
 This function uses a non-reentrant model


 *************** function ___fttol *****************
 Defined at:
		line 44 in file "C:\Program Files (x86)\Microchip\xc8\v1.35\sources\common\fttol.c"
 Parameters:    Size  Location     Type
  f1              3   42[COMRAM] float 
 Auto vars:     Size  Location     Type
  lval            4   52[COMRAM] unsigned long 
  exp1            1   56[COMRAM] unsigned char 
  sign1           1   51[COMRAM] unsigned char 
 Return value:  Size  Location     Type
                  4   42[COMRAM] long 
 Registers used:
		wreg, status,2, status,0
 Tracked objects:
		On entry : 
		On exit  : 
		Unchanged: 
 Data sizes:     COMRAM   BANK0   BANK1   BANK2   BANK3   BANK4   BANK5   BANK6   BANK7   BANK8   BANK9  BANK10  BANK11  BANK12  BANK13  BANK14  BANK15
      Params:         4       0       0       0       0       0       0       0       0       0       0       0       0       0       0       0       0
      Locals:         6       0       0       0       0       0       0       0       0       0       0       0       0       0       0       0       0
      Temps:          5       0       0       0       0       0       0       0       0       0       0       0       0       0       0       0       0
      Totals:        15       0       0       0       0       0       0       0       0       0       0       0       0       0       0       0       0
Total ram usage:       15 bytes
 Hardware stack levels used:    1
 This function calls:
		Nothing
 This function is called by:
		_sprintf
 This function uses a non-reentrant model


 *************** function ___ftsub *****************
 Defined at:
		line 20 in file "C:\Program Files (x86)\Microchip\xc8\v1.35\sources\common\ftsub.c"
 Parameters:    Size  Location     Type
  f1              3   62[COMRAM] float 
  f2              3   65[COMRAM] float 
 Auto vars:     Size  Location     Type
		None
 Return value:  Size  Location     Type
                  3   62[COMRAM] float 
 Registers used:
		wreg, status,2, status,0, cstack
 Tracked objects:
		On entry : 
		On exit  : 
		Unchanged: 
[...]
 Defined at:
		line 170 in file "motion.c"
 Parameters:    Size  Location     Type
  message         2    0[COMRAM] PTR unsigned char 
		 -> RxPacket(13), TxPacket(13), 
  length          1    2[COMRAM] unsigned char 
 Auto vars:     Size  Location     Type
  crc             1    6[COMRAM] unsigned char 
  i               1    5[COMRAM] unsigned char 
 Return value:  Size  Location     Type
                  1    wreg      unsigned char 
 Registers used:
		wreg, fsr2l, fsr2h, status,2, status,0, tblptrl, tblptrh, tblptru, prodl, prodh
 Tracked objects:
		On entry : 
		On exit  : 
		Unchanged: 
 Data sizes:     COMRAM   BANK0   BANK1   BANK2   BANK3   BANK4   BANK5   BANK6   BANK7   BANK8   BANK9  BANK10  BANK11  BANK12  BANK13  BANK14  BANK15
      Params:         3       0       0       0       0       0       0       0       0       0       0       0       0       0       0       0       0
      Locals:         2       0       0       0       0       0       0       0       0       0       0       0       0       0       0       0       0
      Temps:          2       0       0       0       0       0       0       0       0       0       0       0       0       0       0       0       0
      Totals:         7       0       0       0       0       0       0       0       0       0       0       0       0       0       0       0       0
Total ram usage:        7 bytes
 Hardware stack levels used:    1
 This function calls:
		Nothing
 This function is called by:
		_main
 This function uses a non-reentrant model


 *************** function _ADC *****************
 Defined at:
		line 123 in file "motion.c"
 Parameters:    Size  Location     Type
		None
 Auto vars:     Size  Location     Type
		None
 Return value:  Size  Location     Type
		None               void
 Registers used:
		wreg, status,2, status,0, cstack
 Tracked objects:
		On entry : 
		On exit  : 
		Unchanged: 
 Data sizes:     COMRAM   BANK0   BANK1   BANK2   BANK3   BANK4   BANK5   BANK6   BANK7   BANK8   BANK9  BANK10  BANK11  BANK12  BANK13  BANK14  BANK15
      Params:         0       0       0       0       0       0       0       0       0       0       0       0       0       0       0       0       0
      Locals:         0       0       0       0       0       0       0       0       0       0       0       0       0       0       0       0       0
      Temps:          0       0       0       0       0       0       0       0       0       0       0       0       0       0       0       0       0
      Totals:         0       0       0       0       0       0       0       0       0       0       0       0       0       0       0       0       0
Total ram usage:        0 bytes
 Hardware stack levels used:    1
 Hardware stack levels required when called:    1
 This function calls:
		_BusyADC
		_ConvertADC
		_Delay10TCYx
		_OpenADC
		_ReadADC
		_SetChanADC
 This function is called by:
		_main
 This function uses a non-reentrant model


 *************** function _SetChanADC *****************
 Defined at:
		line 30 in file "C:\Program Files (x86)\Microchip\xc8\v1.35\sources\pic18\plib\ADC\adcsetch.c"
 Parameters:    Size  Location     Type
  channel         1    wreg     unsigned char 
 Auto vars:     Size  Location     Type
  channel         1    1[COMRAM] unsigned char 
 Return value:  Size  Location     Type
		None               void
 Registers used:
		wreg, status,2, status,0
 Tracked objects:
		On entry : 
		On exit  : 
		Unchanged: 
 Data sizes:     COMRAM   BANK0   BANK1   BANK2   BANK3   BANK4   BANK5   BANK6   BANK7   BANK8   BANK9  BANK10  BANK11  BANK12  BANK13  BANK14  BANK15
      Params:         0       0       0       0       0       0       0       0       0       0       0       0       0       0       0       0       0
      Locals:         1       0       0       0       0       0       0       0       0       0       0       0       0       0       0       0       0
      Temps:          1       0       0       0       0       0       0       0       0       0       0       0       0       0       0       0       0
      Totals:         2       0       0       0       0       0       0       0       0       0       0       0       0       0       0       0       0
Total ram usage:        2 bytes
 Hardware stack levels used:    1
 This function calls:
		Nothing
 This function is called by:
		_ADC
 This function uses a non-reentrant model


 *************** function _ReadADC *****************
 Defined at:
		line 24 in file "C:\Program Files (x86)\Microchip\xc8\v1.35\sources\pic18\plib\ADC\adcread.c"
 Parameters:    Size  Location     Type
		None
 Auto vars:     Size  Location     Type
		None
 Return value:  Size  Location     Type
                  2    0[COMRAM] int 
 Registers used:
		wreg, status,2
 Tracked objects:
		On entry : 
		On exit  : 
		Unchanged: 
 Data sizes:     COMRAM   BANK0   BANK1   BANK2   BANK3   BANK4   BANK5   BANK6   BANK7   BANK8   BANK9  BANK10  BANK11  BANK12  BANK13  BANK14  BANK15
      Params:         2       0       0       0       0       0       0       0       0       0       0       0       0       0       0       0       0
      Locals:         0       0       0       0       0       0       0       0       0       0       0       0       0       0       0       0       0
      Temps:          2       0       0       0       0       0       0       0       0       0       0       0       0       0       0       0       0
      Totals:         4       0       0       0       0       0       0       0       0       0       0       0       0       0       0       0       0
Total ram usage:        4 bytes
 Hardware stack levels used:    1
 This function calls:
		Nothing
 This function is called by:
		_ADC
 This function uses a non-reentrant model


 *************** function _OpenADC *****************
 Defined at:
		line 68 in file "C:\Program Files (x86)\Microchip\xc8\v1.35\sources\pic18\plib\ADC\adcopen.c"
 Parameters:    Size  Location     Type
  config          1    wreg     unsigned char 
  config2         1    0[COMRAM] unsigned char 
  portconfig      1    1[COMRAM] unsigned char 
 Auto vars:     Size  Location     Type
  config          1    4[COMRAM] unsigned char 
 Return value:  Size  Location     Type
		None               void
 Registers used:
		wreg, status,2, status,0
 Tracked objects:
		On entry : 
		On exit  : 
		Unchanged: 
 Data sizes:     COMRAM   BANK0   BANK1   BANK2   BANK3   BANK4   BANK5   BANK6   BANK7   BANK8   BANK9  BANK10  BANK11  BANK12  BANK13  BANK14  BANK15
      Params:         2       0       0       0       0       0       0       0       0       0       0       0       0       0       0       0       0
      Locals:         1       0       0       0       0       0       0       0       0       0       0       0       0       0       0       0       0
      Temps:          2       0       0       0       0       0       0       0       0       0       0       0       0       0       0       0       0
      Totals:         5       0       0       0       0       0       0       0       0       0       0       0       0       0       0       0       0
Total ram usage:        5 bytes
 Hardware stack levels used:    1
 This function calls:
		Nothing
 This function is called by:
		_ADC
 This function uses a non-reentrant model


 *************** function _Delay10TCYx *****************
 Defined at:
		line 8 in file "C:\Program Files (x86)\Microchip\xc8\v1.35\sources\pic18\d10tcyx.c"
 Parameters:    Size  Location     Type
  unit            1    wreg     unsigned char 
 Auto vars:     Size  Location     Type
  unit            1    0[COMRAM] unsigned char 
 Return value:  Size  Location     Type
		None               void
 Registers used:
		wreg
 Tracked objects:
		On entry : 
		On exit  : 
		Unchanged: 
 Data sizes:     COMRAM   BANK0   BANK1   BANK2   BANK3   BANK4   BANK5   BANK6   BANK7   BANK8   BANK9  BANK10  BANK11  BANK12  BANK13  BANK14  BANK15
      Params:         0       0       0       0       0       0       0       0       0       0       0       0       0       0       0       0       0
      Locals:         1       0       0       0       0       0       0       0       0       0       0       0       0       0       0       0       0
      Temps:          0       0       0       0       0       0       0       0       0       0       0       0       0       0       0       0       0
      Totals:         1       0       0       0       0       0       0       0       0       0       0       0       0       0       0       0       0
Total ram usage:        1 bytes
 Hardware stack levels used:    1
 This function calls:
		Nothing
 This function is called by:
		_ADC
 This function uses a non-reentrant model


 *************** function _ConvertADC *****************
 Defined at:
		line 22 in file "C:\Program Files (x86)\Microchip\xc8\v1.35\sources\pic18\plib\ADC\adcconv.c"
 Parameters:    Size  Location     Type
		None
 Auto vars:     Size  Location     Type
		None
 Return value:  Size  Location     Type
		None               void
 Registers used:
		None
 Tracked objects:
		On entry : 
		On exit  : 
		Unchanged: 
 Data sizes:     COMRAM   BANK0   BANK1   BANK2   BANK3   BANK4   BANK5   BANK6   BANK7   BANK8   BANK9  BANK10  BANK11  BANK12  BANK13  BANK14  BANK15
      Params:         0       0       0       0       0       0       0       0       0       0       0       0       0       0       0       0       0
      Locals:         0       0       0       0       0       0       0       0       0       0       0       0       0       0       0       0       0
      Temps:          0       0       0       0       0       0       0       0       0       0       0       0       0       0       0       0       0
      Totals:         0       0       0       0       0       0       0       0       0       0       0       0       0       0       0       0       0
Total ram usage:        0 bytes
 Hardware stack levels used:    1
 This function calls:
		Nothing
 This function is called by:
		_ADC
 This function uses a non-reentrant model


 *************** function _BusyADC *****************
 Defined at:
		line 26 in file "C:\Program Files (x86)\Microchip\xc8\v1.35\sources\pic18\plib\ADC\adcbusy.c"
 Parameters:    Size  Location     Type
		None
 Auto vars:     Size  Location     Type
		None
 Return value:  Size  Location     Type
                  1    wreg      unsigned char 
 Registers used:
		wreg
 Tracked objects:
		On entry : 
		On exit  : 
		Unchanged: 
 Data sizes:     COMRAM   BANK0   BANK1   BANK2   BANK3   BANK4   BANK5   BANK6   BANK7   BANK8   BANK9  BANK10  BANK11  BANK12  BANK13  BANK14  BANK15
      Params:         0       0       0       0       0       0       0       0       0       0       0       0       0       0       0       0       0
      Locals:         0       0       0       0       0       0       0       0       0       0       0       0       0       0       0       0       0
      Temps:          0       0       0       0       0       0       0       0       0       0       0       0       0       0       0       0       0
      Totals:         0       0       0       0       0       0       0       0       0       0       0       0       0       0       0       0       0
Total ram usage:        0 bytes
 Hardware stack levels used:    1
 This function calls:
		Nothing
 This function is called by:
		_ADC
 This function uses a non-reentrant model



MODULE INFORMATION

Module		Function		Class		Link	Load	Size
C:\Program Files (x86)\Microchip\xc8\v1.35\sources\pic18\plib\USART\uopen.c
		_OpenUSART     		CODE           	DDFC	0000	97

C:\Program Files (x86)\Microchip\xc8\v1.35\sources\pic18\plib\USART\uopen.c estimated size: 97

C:\Program Files (x86)\Microchip\xc8\v1.35\sources\pic18\plib\SPI\spi_read.c
		_ReadSPI       		CODE           	D94A	0000	19

C:\Program Files (x86)\Microchip\xc8\v1.35\sources\pic18\plib\SPI\spi_read.c estimated size: 19

C:\Program Files (x86)\Microchip\xc8\v1.35\sources\common\awdiv.c
		___awdiv       		CODE           	E02E	0000	133

C:\Program Files (x86)\Microchip\xc8\v1.35\sources\common\awdiv.c estimated size: 133

C:\Program Files (x86)\Microchip\xc8\v1.35\sources\common\ftadd.c
		___ftadd       		CODE           	E9C0	0000	429

C:\Program Files (x86)\Microchip\xc8\v1.35\sources\common\ftadd.c estimated size: 429

MRF24J40.h
		_GetShortRAMAddr		CODE           	DA82	0000	43
		_MRF24J40Init  		CODE           	E650	0000	279
		_PHYTransmit   		CODE           	E374	0000	245
		_PHYReceive    		CODE           	DF32	0000	123
		_SetShortRAMAddr		CODE           	DA5A	0000	41
		_GetLongRAMAddr		CODE           	DC96	0000	83
		_SetLongRAMAddr		CODE           	DC44	0000	83
		_SetChannel    		CODE           	DAAC	0000	43

MRF24J40.h estimated size: 940

C:\Program Files (x86)\Microchip\xc8\v1.35\sources\pic18\plib\ADC\adcbusy.c
		_BusyADC       		CODE           	D920	0000	13

C:\Program Files (x86)\Microchip\xc8\v1.35\sources\pic18\plib\ADC\adcbusy.c estimated size: 13

C:\Program Files (x86)\Microchip\xc8\v1.35\sources\common\isdigit.c
		_isdigit       		CODE           	D9AE	0000	31

C:\Program Files (x86)\Microchip\xc8\v1.35\sources\common\isdigit.c estimated size: 31

C:\Program Files (x86)\Microchip\xc8\v1.35\sources\common\ftge.c
		___ftge        		CODE           	E0B2	0000	145

C:\Program Files (x86)\Microchip\xc8\v1.35\sources\common\ftge.c estimated size: 145

C:\Program Files (x86)\Microchip\xc8\v1.35\sources\pic18\plib\ADC\adcread.c
		_ReadADC       		CODE           	D92C	0000	15

C:\Program Files (x86)\Microchip\xc8\v1.35\sources\pic18\plib\ADC\adcread.c estimated size: 15

C:\Program Files (x86)\Microchip\xc8\v1.35\sources\pic18\plib\ADC\adcsetch.c
		_SetChanADC    		CODE           	D980	0000	23

C:\Program Files (x86)\Microchip\xc8\v1.35\sources\pic18\plib\ADC\adcsetch.c estimated size: 23

C:\Program Files (x86)\Microchip\xc8\v1.35\sources\common\strlen.c
		_strlen        		CODE           	DB04	0000	59

C:\Program Files (x86)\Microchip\xc8\v1.35\sources\common\strlen.c estimated size: 59

C:\Program Files (x86)\Microchip\xc8\v1.35\sources\common\lwtoft.c
		___lwtoft      		CODE           	D9EC	0000	37

C:\Program Files (x86)\Microchip\xc8\v1.35\sources\common\lwtoft.c estimated size: 37

C:\Program Files (x86)\Microchip\xc8\v1.35\sources\common\ftneg.c
		___ftneg       		CODE           	DA10	0000	37

C:\Program Files (x86)\Microchip\xc8\v1.35\sources\common\ftneg.c estimated size: 37

C:\Program Files (x86)\Microchip\xc8\v1.35\sources\common\ftsub.c
		___ftsub       		CODE           	DB7E	0000	65

C:\Program Files (x86)\Microchip\xc8\v1.35\sources\common\ftsub.c estimated size: 65

C:\Program Files (x86)\Microchip\xc8\v1.35\sources\common\float.c
		___ftpack      		CODE           	E1E0	0000	175

C:\Program Files (x86)\Microchip\xc8\v1.35\sources\common\float.c estimated size: 175

C:\Program Files (x86)\Microchip\xc8\v1.35\sources\pic18\d10tcyx.c
		_Delay10TCYx   		CODE           	D93A	0000	17

C:\Program Files (x86)\Microchip\xc8\v1.35\sources\pic18\d10tcyx.c estimated size: 17

C:\Program Files (x86)\Microchip\xc8\v1.35\sources\common\doprnt.c
		_scale         		CODE           	F128	0000	1009
		_sprintf       		CODE           	F518	0000	2025
		_fround        		CODE           	EB6C	0000	583

C:\Program Files (x86)\Microchip\xc8\v1.35\sources\common\doprnt.c estimated size: 3617

C:\Program Files (x86)\Microchip\xc8\v1.35\sources\common\llmod.c
		___llmod       		CODE           	DE5C	0000	103

C:\Program Files (x86)\Microchip\xc8\v1.35\sources\common\llmod.c estimated size: 103

C:\Program Files (x86)\Microchip\xc8\v1.35\sources\common\lltoft.c
		___lltoft      		CODE           	DD42	0000	93

C:\Program Files (x86)\Microchip\xc8\v1.35\sources\common\lltoft.c estimated size: 93

motion.c
		_CalculateCRC  		CODE           	DBBE	0000	67
		_ADC           		CODE           	E142	0000	159
		_main          		CODE           	EDB2	0000	887
		_Init_IO       		CODE           	DC00	0000	69
		_USARTOut      		CODE           	DB3E	0000	65

motion.c estimated size: 1247

C:\Program Files (x86)\Microchip\xc8\v1.35\sources\pic18\plib\ADC\adcconv.c
		_ConvertADC    		CODE           	D91C	0000	5

C:\Program Files (x86)\Microchip\xc8\v1.35\sources\pic18\plib\ADC\adcconv.c estimated size: 5

shared
		__powers_      		MEDIUMCONST    	FE50	0000	40
		_dpowers       		MEDIUMCONST    	FE01	0000	41
		__npowers_     		MEDIUMCONST    	FE29	0000	40
		_code_Table    		MEDIUMCONST    	FD01	0000	257
		__initialization		CODE           	DAD6	0000	37

shared estimated size: 415

C:\Program Files (x86)\Microchip\xc8\v1.35\sources\pic18\plib\USART\uwrite.c
		_WriteUSART    		CODE           	D95C	0000	19

C:\Program Files (x86)\Microchip\xc8\v1.35\sources\pic18\plib\USART\uwrite.c estimated size: 19

C:\Program Files (x86)\Microchip\xc8\v1.35\sources\pic18\plib\Timers\t0write.c
		_WriteTimer0   		CODE           	D96E	0000	19

C:\Program Files (x86)\Microchip\xc8\v1.35\sources\pic18\plib\Timers\t0write.c estimated size: 19

C:\Program Files (x86)\Microchip\xc8\v1.35\sources\common\ftmul.c
		___ftmul       		CODE           	E55C	0000	245

C:\Program Files (x86)\Microchip\xc8\v1.35\sources\common\ftmul.c estimated size: 245

C:\Program Files (x86)\Microchip\xc8\v1.35\sources\common\awmod.c
		___awmod       		CODE           	DEC2	0000	113

C:\Program Files (x86)\Microchip\xc8\v1.35\sources\common\awmod.c estimated size: 113

C:\Program Files (x86)\Microchip\xc8\v1.35\sources\common\ftdiv.c
		___ftdiv       		CODE           	E28E	0000	231

C:\Program Files (x86)\Microchip\xc8\v1.35\sources\common\ftdiv.c estimated size: 231

C:\Program Files (x86)\Microchip\xc8\v1.35\sources\pic18\plib\SPI\spi_open.c
		_OpenSPI       		CODE           	DCE8	0000	91

C:\Program Files (x86)\Microchip\xc8\v1.35\sources\pic18\plib\SPI\spi_open.c estimated size: 91

C:\Program Files (x86)\Microchip\xc8\v1.35\sources\common\ftdivl.c
		__tdiv_to_l_   		CODE           	E88E	0000	307

C:\Program Files (x86)\Microchip\xc8\v1.35\sources\common\ftdivl.c estimated size: 307

C:\Program Files (x86)\Microchip\xc8\v1.35\sources\common\Umul16.c
		___wmul        		CODE           	DA34	0000	39

C:\Program Files (x86)\Microchip\xc8\v1.35\sources\common\Umul16.c estimated size: 39

C:\Program Files (x86)\Microchip\xc8\v1.35\sources\pic18\plib\SPI\spi_writ.c
		_WriteSPI      		CODE           	D996	0000	25

C:\Program Files (x86)\Microchip\xc8\v1.35\sources\pic18\plib\SPI\spi_writ.c estimated size: 25

C:\Program Files (x86)\Microchip\xc8\v1.35\sources\common\lldiv.c
		___lldiv       		CODE           	DFAC	0000	131

C:\Program Files (x86)\Microchip\xc8\v1.35\sources\common\lldiv.c estimated size: 131

C:\Program Files (x86)\Microchip\xc8\v1.35\sources\pic18\plib\ADC\adcopen.c
		_OpenADC       		CODE           	DD9E	0000	95

C:\Program Files (x86)\Microchip\xc8\v1.35\sources\pic18\plib\ADC\adcopen.c estimated size: 95

C:\Program Files (x86)\Microchip\xc8\v1.35\sources\pic18\plib\Timers\t0open.c
		_OpenTimer0    		CODE           	D9CC	0000	33

C:\Program Files (x86)\Microchip\xc8\v1.35\sources\pic18\plib\Timers\t0open.c estimated size: 33

C:\Program Files (x86)\Microchip\xc8\v1.35\sources\common\fldivl.c
		__div_to_l_    		CODE           	E766	0000	297

C:\Program Files (x86)\Microchip\xc8\v1.35\sources\common\fldivl.c estimated size: 297

C:\Program Files (x86)\Microchip\xc8\v1.35\sources\common\fttol.c
		___fttol       		CODE           	E468	0000	245

C:\Program Files (x86)\Microchip\xc8\v1.35\sources\common\fttol.c estimated size: 245

